// Jest Snapshot v1, https://goo.gl/fbAQLP

exports[`MeasureDescription component should render the component with the supplied description information 1`] = `
<form
  class="sc-bdvvtL exmvhH"
  data-testid="measureDescription"
>
  <div
    class="sc-gsDKAQ jTbVDJ"
  >
    <div>
      <div
        class="sc-dkPtRN bvfDZg"
      >
        <div
          class="sc-hKwDye ZBVeD"
        >
          <label
            class="sc-eCImPb dMhjhF"
            for="measure-description"
          >
            Measure Description
          </label>
          <div
            class="sc-jRQBWg dA-DgiC"
          >
            <input
              autocomplete="given-name"
              class="sc-gKclnd jEPGhr"
              data-testid="measureDescriptionInput"
              id="measure-description"
              name="measure-description"
              placeholder="Measure Description"
              required=""
              type="text"
              value="Test Description"
            />
          </div>
        </div>
      </div>
    </div>
  </div>
  <div
    class="sc-iCfMLu Gwmnn"
  >
    <div
      class="sc-furwcr dKjrjs"
    >
      <button
        class="sc-pVTFL cSoTMs"
        data-testid="measureDescriptionSave"
        type="submit"
      >
        Save
      </button>
      <div
        class="sc-jrQzAO wImVQ"
      >
        
      </div>
    </div>
  </div>
</form>
`;
