// Jest Snapshot v1, https://goo.gl/fbAQLP

exports[`MeasureSteward component should render the component with the supplied steward information 1`] = `
<form
  class="sc-bczRLJ cmSzWA"
  data-testid="measureSteward"
>
  <div
    class="sc-gsnTZi hRUErZ"
  >
    <div>
      <div>
        <h3
          class="sc-dkzDqf jmdhBy"
        >
          Steward/Author
        </h3>
        <p
          class="sc-hKMtZM kvqZVB"
        >
          This information will be displayed publicly so be careful what you share.
        </p>
      </div>
      <div
        class="sc-eCYdqJ eYrFIR"
      >
        <div
          class="sc-jSMfEi cPhOWP"
        >
          <label
            class="sc-gKXOVf jiosPY"
            for="measure-steward"
          >
            Measure Steward
          </label>
          <div
            class="sc-iBkjds hwKHAK"
          >
            <input
              autocomplete="given-name"
              class="sc-ftvSup fRjUCW"
              data-testid="measureStewardInput"
              id="measure-steward"
              name="measure-steward"
              placeholder="Measure Steward Name"
              required=""
              type="text"
              value="Steward Test Value"
            />
          </div>
        </div>
      </div>
    </div>
  </div>
  <div
    class="sc-papXJ cGxTiS"
  >
    <div
      class="sc-jqUVSM dSBcWX"
    >
      <button
        class="sc-kDDrLX bjwxCP"
        data-testid="measureStewardSave"
        type="submit"
      >
        Save
      </button>
      <div
        class="sc-iqcoie bRExLb"
      >
        
      </div>
    </div>
  </div>
</form>
`;
